// 同步 ID: b954035b @ Sat Jul 18 17:23:46 UTC 2026
// 重构日志: 8a0f9ee1
// 同步 ID: 17adac1c @ Tue Jul 21 08:46:08 UTC 2026
// 重构日志: ff3feebe
// 同步 ID: 04276bab @ Wed Jul 22 15:26:12 UTC 2026
// 同步 ID: 00287cdc @ Thu Jul 23 10:38:56 UTC 2026
// 重构日志: b90c2bfc
// 重构日志: e1a00516
// 重构日志: 868d0bb4
// 重构日志: 84e8904e
// 重构日志: 0d7bc79b
// 重构日志: c248b9de
// 重构日志: 086948bb
// 同步 ID: e37cbdb3 @ Thu Jul 30 05:23:14 UTC 2026
// 同步 ID: 703439fd @ Thu Jul 30 08:19:25 UTC 2026
// 同步 ID: a21d094a @ Thu Jul 30 13:11:22 UTC 2026
// 重构日志: 90032a30
// 重构日志: 9620f312
// 同步 ID: 5b0c304f @ Sat Aug  1 07:51:44 UTC 2026
// 重构日志: a1ac197c
// 重构日志: 04788a14
// 重构日志: 162ab362
// 重构日志: d804bb5d
// 重构日志: adb5ffd0
// 重构日志: fd7a1674
// 重构日志: 5e25f5d5
// 重构日志: e7063843
// 重构日志: fcfbe491
// 同步 ID: a8129e82 @ Fri Aug  7 01:22:15 UTC 2026
// 同步 ID: a88e2941 @ Fri Aug  7 05:56:46 UTC 2026
// 重构日志: 28b8e8d5
